IfThenElse ((EVar "x",
             [AssignOrInvoke (Invoke (ProcInvoc (EVar "y",
                                                 "x",
                                                 [])))]),
            [],
            Just [AssignOrInvoke (Invoke (ProcInvoc (EVar "z",
                                                     "x",
                                                     [])))])
